
> cemetery-management@0.1.0 build
> next build

  ▲ Next.js 14.2.33
  - Environments: .env.local

   Creating an optimized production build ...
 ✓ Compiled successfully
   Skipping validation of types
   Skipping linting
   Collecting page data ...
Error: Neither apiKey nor config.authenticator provided
    at r._setAuthenticator (C:\Users\Engr. John Rome\Desktop\capstone\v0-fork-of-cemetery-management-system\.next\server\chunks\1988.js:1:124208)
    at new r (C:\Users\Engr. John Rome\Desktop\capstone\v0-fork-of-cemetery-management-system\.next\server\chunks\1988.js:1:118823)
    at 69206 (C:\Users\Engr. John Rome\Desktop\capstone\v0-fork-of-cemetery-management-system\.next\server\app\api\payment-intent\route.js:1:1894)
    at t (C:\Users\Engr. John Rome\Desktop\capstone\v0-fork-of-cemetery-management-system\.next\server\webpack-runtime.js:1:127)
    at 75074 (C:\Users\Engr. John Rome\Desktop\capstone\v0-fork-of-cemetery-management-system\.next\server\app\api\payment-intent\route.js:1:720)
    at t (C:\Users\Engr. John Rome\Desktop\capstone\v0-fork-of-cemetery-management-system\.next\server\webpack-runtime.js:1:127)
    at r (C:\Users\Engr. John Rome\Desktop\capstone\v0-fork-of-cemetery-management-system\.next\server\app\api\payment-intent\route.js:1:2030)
    at C:\Users\Engr. John Rome\Desktop\capstone\v0-fork-of-cemetery-management-system\.next\server\app\api\payment-intent\route.js:1:2068
    at t.X (C:\Users\Engr. John Rome\Desktop\capstone\v0-fork-of-cemetery-management-system\.next\server\webpack-runtime.js:1:1191)
    at C:\Users\Engr. John Rome\Desktop\capstone\v0-fork-of-cemetery-management-system\.next\server\app\api\payment-intent\route.js:1:2043

> Build error occurred
Error: Failed to collect page data for /api/payment-intent
    at C:\Users\Engr. John Rome\Desktop\capstone\v0-fork-of-cemetery-management-system\node_modules\next\dist\build\utils.js:1269:15
    at process.processTicksAndRejections (node:internal/process/task_queues:95:5) {
  type: 'Error'
}
